# Test: 04_keywords
# Type: valid
#--------------------------------------------------
2:1 int "int"
2:5 float "float"
2:11 bool "bool"
3:1 if "if"
3:4 else "else"
3:9 while "while"
3:15 for "for"
4:1 return "return"
4:8 true "true"
4:13 false "false"
5:1 void "void"
5:6 struct "struct"
5:13 fn "fn"
5:15 EOF ""